> Task :app:preBuild UP-TO-DATE
> Task :app:prepareLibraryDefinitionsDevDebug UP-TO-DATE
> Task :app:preDevDebugBuild UP-TO-DATE
> Task :app:mergeDevDebugNativeDebugMetadata NO-SOURCE
> Task :app:checkKotlinGradlePluginConfigurationErrors SKIPPED
> Task :app:dataBindingMergeDependencyArtifactsDevDebug UP-TO-DATE
> Task :app:generateDevDebugResValues UP-TO-DATE
> Task :app:generateDevDebugResources UP-TO-DATE
> Task :app:mergeDevDebugResources UP-TO-DATE
> Task :app:packageDevDebugResources UP-TO-DATE
> Task :app:parseDevDebugLocalResources UP-TO-DATE
> Task :app:dataBindingGenBaseClassesDevDebug UP-TO-DATE
> Task :app:generateDevDebugBuildConfig UP-TO-DATE
> Task :app:generateSafeArgsDevDebug UP-TO-DATE
> Task :app:checkDevDebugAarMetadata UP-TO-DATE
> Task :app:mapDevDebugSourceSetPaths UP-TO-DATE
> Task :app:createDevDebugCompatibleScreenManifests UP-TO-DATE
> Task :app:extractDeepLinksDevDebug UP-TO-DATE
> Task :app:processDevDebugMainManifest UP-TO-DATE
> Task :app:processDevDebugManifest UP-TO-DATE
> Task :app:processDevDebugManifestForPackage UP-TO-DATE
> Task :app:processDevDebugResources UP-TO-DATE
> Task :app:kaptGenerateStubsDevDebugKotlin UP-TO-DATE
> Task :app:kaptDevDebugKotlin UP-TO-DATE
> Task :app:compileDevDebugKotlin UP-TO-DATE
> Task :app:javaPreCompileDevDebug UP-TO-DATE
> Task :app:compileDevDebugJavaWithJavac UP-TO-DATE
> Task :app:mergeDevDebugShaders UP-TO-DATE
> Task :app:compileDevDebugShaders NO-SOURCE
> Task :app:generateDevDebugAssets UP-TO-DATE
> Task :app:mergeDevDebugAssets UP-TO-DATE
> Task :app:compressDevDebugAssets UP-TO-DATE
> Task :app:processDevDebugJavaRes UP-TO-DATE
> Task :app:mergeDevDebugJavaResource UP-TO-DATE
> Task :app:checkDevDebugDuplicateClasses UP-TO-DATE
> Task :app:desugarDevDebugFileDependencies UP-TO-DATE
> Task :app:mergeExtDexDevDebug UP-TO-DATE
> Task :app:mergeLibDexDevDebug UP-TO-DATE
> Task :app:dexBuilderDevDebug UP-TO-DATE
> Task :app:mergeProjectDexDevDebug UP-TO-DATE
> Task :app:mergeDevDebugJniLibFolders UP-TO-DATE
> Task :app:mergeDevDebugNativeLibs UP-TO-DATE
> Task :app:stripDevDebugDebugSymbols UP-TO-DATE
> Task :app:validateSigningDevDebug UP-TO-DATE
> Task :app:writeDevDebugAppMetadata UP-TO-DATE
> Task :app:writeDevDebugSigningConfigVersions UP-TO-DATE
> Task :app:packageDevDebug UP-TO-DATE
> Task :app:createDevDebugApkListingFileRedirect UP-TO-DATE
> Task :app:assembleDevDebug UP-TO-DATE
> Task :app:prepareLibraryDefinitionsProductionDebug UP-TO-DATE
> Task :app:preProductionDebugBuild UP-TO-DATE
> Task :app:mergeProductionDebugNativeDebugMetadata NO-SOURCE
> Task :app:dataBindingMergeDependencyArtifactsProductionDebug UP-TO-DATE
> Task :app:generateProductionDebugResValues UP-TO-DATE
> Task :app:generateProductionDebugResources UP-TO-DATE
> Task :app:mergeProductionDebugResources UP-TO-DATE
> Task :app:packageProductionDebugResources UP-TO-DATE
> Task :app:parseProductionDebugLocalResources UP-TO-DATE
> Task :app:dataBindingGenBaseClassesProductionDebug UP-TO-DATE
> Task :app:generateProductionDebugBuildConfig UP-TO-DATE
> Task :app:generateSafeArgsProductionDebug UP-TO-DATE
> Task :app:checkProductionDebugAarMetadata UP-TO-DATE
> Task :app:mapProductionDebugSourceSetPaths UP-TO-DATE
> Task :app:createProductionDebugCompatibleScreenManifests UP-TO-DATE
> Task :app:extractDeepLinksProductionDebug UP-TO-DATE
> Task :app:processProductionDebugMainManifest UP-TO-DATE
> Task :app:processProductionDebugManifest UP-TO-DATE
> Task :app:processProductionDebugManifestForPackage UP-TO-DATE
> Task :app:processProductionDebugResources UP-TO-DATE
> Task :app:kaptGenerateStubsProductionDebugKotlin UP-TO-DATE
> Task :app:kaptProductionDebugKotlin UP-TO-DATE
> Task :app:compileProductionDebugKotlin UP-TO-DATE
> Task :app:javaPreCompileProductionDebug UP-TO-DATE
> Task :app:compileProductionDebugJavaWithJavac UP-TO-DATE
> Task :app:mergeProductionDebugShaders UP-TO-DATE
> Task :app:compileProductionDebugShaders NO-SOURCE
> Task :app:generateProductionDebugAssets UP-TO-DATE
> Task :app:mergeProductionDebugAssets UP-TO-DATE
> Task :app:compressProductionDebugAssets UP-TO-DATE
> Task :app:checkProductionDebugDuplicateClasses UP-TO-DATE
> Task :app:desugarProductionDebugFileDependencies UP-TO-DATE
> Task :app:mergeExtDexProductionDebug UP-TO-DATE
> Task :app:mergeLibDexProductionDebug UP-TO-DATE
> Task :app:processProductionDebugJavaRes UP-TO-DATE
> Task :app:mergeProductionDebugJavaResource UP-TO-DATE
> Task :app:dexBuilderProductionDebug UP-TO-DATE
> Task :app:mergeProjectDexProductionDebug UP-TO-DATE
> Task :app:mergeProductionDebugJniLibFolders UP-TO-DATE
> Task :app:mergeProductionDebugNativeLibs UP-TO-DATE
> Task :app:stripProductionDebugDebugSymbols UP-TO-DATE
> Task :app:validateSigningProductionDebug UP-TO-DATE
> Task :app:writeProductionDebugAppMetadata UP-TO-DATE
> Task :app:writeProductionDebugSigningConfigVersions UP-TO-DATE
> Task :app:packageProductionDebug UP-TO-DATE
> Task :app:createProductionDebugApkListingFileRedirect UP-TO-DATE
> Task :app:assembleProductionDebug UP-TO-DATE
> Task :app:assembleDebug UP-TO-DATE

[Incubating] Problems report is available at: file:///Users/loitran/AndroidStudioProjects/@mckimquyen/@playstore/@prodution/@ad/1107another-notes-app/build/reports/problems/problems-report.html

Deprecated Gradle features were used in this build, making it incompatible with Gradle 9.0.

You can use '--warning-mode all' to show the individual deprecation warnings and determine if they come from your own scripts or plugins.

For more on this, please refer to https://docs.gradle.org/8.14.3/userguide/command_line_interface.html#sec:command_line_warnings in the Gradle documentation.

BUILD SUCCESSFUL in 1s
84 actionable tasks: 84 up-to-date
